[37m[I] root: Log level set to DEBUG[0m
[36m[D] __main__: Debug mode enabled via --debug flag.[0m
[36m[D] __main__: Entering MainWindow.__init__... debug_mode=True[0m
[37m[I] __main__: Models instantiated.[0m
[37m[I] goesvfi.view_models.main_window_view_model: MainWindowViewModel initializing...[0m
[37m[I] goesvfi.view_models.main_window_view_model: FileSorterViewModel instantiated.[0m
[37m[I] goesvfi.view_models.main_window_view_model: DateSorterViewModel instantiated.[0m
[37m[I] goesvfi.view_models.processing_view_model: ProcessingViewModel initialized (Placeholder)[0m
[37m[I] goesvfi.view_models.main_window_view_model: ProcessingViewModel instantiated.[0m
[37m[I] goesvfi.view_models.main_window_view_model: MainWindowViewModel initialized.[0m
[37m[I] __main__: ViewModels instantiated.[0m
[37m[I] __main__: GUI Image processors instantiated.[0m
[36m[D] goesvfi.utils.gui_helpers: Entering ClickableLabel.__init__...[0m
[36m[D] goesvfi.utils.gui_helpers: Entering ClickableLabel.__init__...[0m
[36m[D] goesvfi.utils.gui_helpers: Entering ClickableLabel.__init__...[0m
[36m[D] goesvfi.gui_tabs.main_tab: Enhanced start buttons created with direct handlers[0m
[36m[D] goesvfi.gui_tabs.main_tab: Connecting MainTab signals...[0m
[36m[D] goesvfi.gui_tabs.main_tab: Connecting IO control signals...[0m
[36m[D] goesvfi.gui_tabs.main_tab: Connecting preview control signals...[0m
[36m[D] goesvfi.gui_tabs.main_tab: Connecting crop control signals...[0m
[36m[D] goesvfi.gui_tabs.main_tab: Connecting processing setting signals...[0m
[36m[D] goesvfi.gui_tabs.main_tab: Connecting RIFE option signals...[0m
[36m[D] goesvfi.gui_tabs.main_tab: Start button already connected in _setup_ui[0m
[36m[D] goesvfi.gui_tabs.main_tab: Verifying processing signal connections...[0m
[36m[D] goesvfi.gui_tabs.main_tab: Verifying processing signal connections...[0m
[36m[D] goesvfi.gui_tabs.main_tab: MainWindow has _handle_processing method: True[0m
[36m[D] goesvfi.gui_tabs.main_tab: MainWindow appears to have necessary handler methods[0m
[36m[D] goesvfi.gui_tabs.main_tab: Ensuring processing_started signal is connected...[0m
[36m[D] goesvfi.gui_tabs.main_tab: Processing signal connection verified/created[0m
[36m[D] goesvfi.gui_tabs.main_tab: All MainTab signals connected.[0m
[36m[D] goesvfi.gui_tabs.main_tab: MainTab: Performing post-init setup...[0m
[36m[D] goesvfi.gui_tabs.main_tab: Populating RIFE models...[0m
[36m[D] goesvfi.gui_tabs.main_tab: Loaded RIFE analysis cache from /Users/justin/Documents/goesvfi/cache/rife_analysis_cache.json[0m
[36m[D] goesvfi.gui_tabs.main_tab: Using cached analysis for rife-v4.6 (rife-cli)[0m
[37m[I] goesvfi.gui_tabs.main_tab: RIFE model selected: rife-v4.6[0m
[36m[D] goesvfi.gui_tabs.main_tab: Start button check: has_paths=False, in_dir=None, out_file=None[0m
[36m[D] goesvfi.gui_tabs.main_tab: Start button check: RIFE selected, model_ok=True[0m
[36m[D] goesvfi.gui_tabs.main_tab: Start button should be enabled: False[0m
[36m[D] goesvfi.gui_tabs.main_tab: Restored last selected RIFE model: rife-v4.6[0m
[36m[D] goesvfi.gui_tabs.main_tab: Start button check: has_paths=False, in_dir=None, out_file=None[0m
[36m[D] goesvfi.gui_tabs.main_tab: Start button check: RIFE selected, model_ok=True[0m
[36m[D] goesvfi.gui_tabs.main_tab: Start button should be enabled: False[0m
[36m[D] goesvfi.gui_tabs.main_tab: Start button check: has_paths=False, in_dir=None, out_file=None[0m
[36m[D] goesvfi.gui_tabs.main_tab: Start button check: RIFE selected, model_ok=True[0m
[36m[D] goesvfi.gui_tabs.main_tab: Start button should be enabled: False[0m
[36m[D] goesvfi.gui_tabs.main_tab: _update_crop_buttons_state: Checking conditions - has_in_dir=False, has_crop=False[0m
[36m[D] goesvfi.gui_tabs.main_tab: MainTab: Post-init setup complete.[0m
[36m[D] goesvfi.gui_tabs.model_library_tab: Populating model table...[0m
[36m[D] goesvfi.gui_tabs.model_library_tab: Populated model table with 1 models.[0m
[36m[D] __main__: Using simplified loadSettings[0m
[36m[D] __main__: Successfully set fps_spinbox value to 30[0m
[36m[D] __main__: Set multiplier_spinbox to 4 (loaded mid_count=3)[0m
[36m[D] __main__: Set encoder_combo to RIFE[0m
[33m[W] __main__: Key 'scd' in profile but not in current settings.[0m
[36m[D] root: Setting up preview update...[0m
[36m[D] root: request_previews_update connected to _update_previews[0m
[37m[I] __main__: MainWindow initialized.[0m
[36m[D] __main__: Entering _update_previews. Current crop_rect: (1729, 330, 383, 462), Sanchez enabled: False[0m
[36m[D] __main__: Entering _update_previews method[0m
[36m[D] __main__: No valid input directory, clearing previews[0m
[36m[D] goesvfi.gui_tabs.main_tab: Entering _pick_in_dir...[0m
[36m[D] goesvfi.gui_tabs.main_tab: Input directory selected: /Users/justin/Downloads/abi_rgb_all 18[0m
[36m[D] goesvfi.gui_tabs.main_tab: Updating MainWindow in_dir via main_window_ref: /Users/justin/Downloads/abi_rgb_all 18[0m
[36m[D] __main__: MainWindow setting in_dir to: /Users/justin/Downloads/abi_rgb_all 18[0m
[36m[D] __main__: Updating start button state due to input directory change[0m
[36m[D] goesvfi.gui_tabs.main_tab: Start button check: has_paths=True, in_dir=/Users/justin/Downloads/abi_rgb_all 18, out_file=None[0m
[36m[D] goesvfi.gui_tabs.main_tab: Start button check: RIFE selected, model_ok=True[0m
[36m[D] goesvfi.gui_tabs.main_tab: Start button should be enabled: True[0m
[36m[D] __main__: Entering _update_previews. Current crop_rect: (1729, 330, 383, 462), Sanchez enabled: False[0m
[36m[D] __main__: Entering _update_previews method[0m
[36m[D] __main__: Input directory: /Users/justin/Downloads/abi_rgb_all 18[0m
[36m[D] __main__: Loading first frame preview: abi_rgb_Clean_Longwave_IR_Window_Band_map_20241005T195020Z.png[0m
[36m[D] PIL.PngImagePlugin: STREAM b'IHDR' 16 13[0m
[36m[D] PIL.PngImagePlugin: STREAM b'IDAT' 41 8192[0m
[36m[D] __main__: Converted initial NumPy array to QImage (full_res_qimage).[0m
[36m[D] __main__: PRE-CROP Check: crop_rect=(1729, 330, 383, 462), initial_img_array shape=(2712, 2712, 4)[0m
[36m[D] __main__: INSIDE CROP BLOCK: Applying crop (1729, 330, 383, 462) to preview for abi_rgb_Clean_Longwave_IR_Window_Band_map_20241005T195020Z.png[0m
[36m[D] __main__: BEFORE CROP: initial_img_array shape=(2712, 2712, 4)[0m
[36m[D] __main__: AFTER CROP (Success): final_img_array shape=(462, 383, 4)[0m
[36m[D] __main__: Successfully converted final NumPy array to QImage and stored in label.processed_image[0m
[36m[D] __main__: Scaling final QImage for preview display[0m
[36m[D] __main__: Target label size: PyQt6.QtCore.QSize(232, 121)[0m
[36m[D] __main__: Image scaled successfully[0m
[36m[D] __main__: QPixmap created successfully[0m
[36m[D] __main__: Preview processing complete for /Users/justin/Downloads/abi_rgb_all 18/abi_rgb_Clean_Longwave_IR_Window_Band_map_20241005T195020Z.png, returning pixmap.[0m
[36m[D] __main__: Successfully set first frame preview[0m
[36m[D] __main__: Loading middle frame preview: abi_rgb_Clean_Longwave_IR_Window_Band_map_20241006T045020Z.png[0m
[36m[D] PIL.PngImagePlugin: STREAM b'IHDR' 16 13[0m
[36m[D] PIL.PngImagePlugin: STREAM b'IDAT' 41 8192[0m
[36m[D] __main__: Converted initial NumPy array to QImage (full_res_qimage).[0m
[36m[D] __main__: PRE-CROP Check: crop_rect=(1729, 330, 383, 462), initial_img_array shape=(2712, 2712, 4)[0m
[36m[D] __main__: INSIDE CROP BLOCK: Applying crop (1729, 330, 383, 462) to preview for abi_rgb_Clean_Longwave_IR_Window_Band_map_20241006T045020Z.png[0m
[36m[D] __main__: BEFORE CROP: initial_img_array shape=(2712, 2712, 4)[0m
[36m[D] __main__: AFTER CROP (Success): final_img_array shape=(462, 383, 4)[0m
[36m[D] __main__: Successfully converted final NumPy array to QImage and stored in label.processed_image[0m
[36m[D] __main__: Scaling final QImage for preview display[0m
[36m[D] __main__: Target label size: PyQt6.QtCore.QSize(232, 121)[0m
[36m[D] __main__: Image scaled successfully[0m
[36m[D] __main__: QPixmap created successfully[0m
[36m[D] __main__: Preview processing complete for /Users/justin/Downloads/abi_rgb_all 18/abi_rgb_Clean_Longwave_IR_Window_Band_map_20241006T045020Z.png, returning pixmap.[0m
[36m[D] __main__: Successfully set middle frame preview[0m
[36m[D] __main__: Loading last frame preview: abi_rgb_Clean_Longwave_IR_Window_Band_map_20241006T125020Z.png[0m
[36m[D] PIL.PngImagePlugin: STREAM b'IHDR' 16 13[0m
[36m[D] PIL.PngImagePlugin: STREAM b'IDAT' 41 8192[0m
[36m[D] __main__: Converted initial NumPy array to QImage (full_res_qimage).[0m
[36m[D] __main__: PRE-CROP Check: crop_rect=(1729, 330, 383, 462), initial_img_array shape=(2712, 2712, 4)[0m
[36m[D] __main__: INSIDE CROP BLOCK: Applying crop (1729, 330, 383, 462) to preview for abi_rgb_Clean_Longwave_IR_Window_Band_map_20241006T125020Z.png[0m
[36m[D] __main__: BEFORE CROP: initial_img_array shape=(2712, 2712, 4)[0m
[36m[D] __main__: AFTER CROP (Success): final_img_array shape=(462, 383, 4)[0m
[36m[D] __main__: Successfully converted final NumPy array to QImage and stored in label.processed_image[0m
[36m[D] __main__: Scaling final QImage for preview display[0m
[36m[D] __main__: Target label size: PyQt6.QtCore.QSize(232, 121)[0m
[36m[D] __main__: Image scaled successfully[0m
[36m[D] __main__: QPixmap created successfully[0m
[36m[D] __main__: Preview processing complete for /Users/justin/Downloads/abi_rgb_all 18/abi_rgb_Clean_Longwave_IR_Window_Band_map_20241006T125020Z.png, returning pixmap.[0m
[36m[D] __main__: Successfully set last frame preview[0m
[36m[D] goesvfi.gui_tabs.main_tab: _update_crop_buttons_state: Checking conditions - has_in_dir=True, has_crop=True[0m
[36m[D] goesvfi.gui_tabs.main_tab: _update_crop_buttons_state: Checking conditions - has_in_dir=True, has_crop=True[0m
[37m[I] goesvfi.gui_tabs.main_tab: Enhanced start button handler called[0m
[36m[D] goesvfi.gui_tabs.main_tab: Start button check: has_paths=True, in_dir=/Users/justin/Downloads/abi_rgb_all 18, out_file=/Users/justin/Downloads/abi_rgb_all 18_output_20250504_191848.mp4[0m
[36m[D] goesvfi.gui_tabs.main_tab: Start button check: RIFE selected, model_ok=True[0m
[36m[D] goesvfi.gui_tabs.main_tab: Start button should be enabled: True[0m
[36m[D] goesvfi.gui_tabs.main_tab: Gathering processing arguments...[0m
[36m[D] goesvfi.gui_tabs.main_tab: Input directory from main_window: /Users/justin/Downloads/abi_rgb_all 18[0m
[36m[D] goesvfi.gui_tabs.main_tab: Crop rect from main_window: (1729, 330, 383, 462)[0m
[36m[D] goesvfi.gui_tabs.main_tab: Output file path: /Users/justin/Downloads/abi_rgb_all 18_output_20250504_191848.mp4[0m
[36m[D] goesvfi.gui_tabs.main_tab: Selected encoder: RIFE[0m
[36m[D] goesvfi.gui_tabs.main_tab: Selected RIFE model: rife-v4.6[0m
[36m[D] goesvfi.gui_tabs.main_tab: Building arguments dictionary...[0m
[36m[D] goesvfi.gui_tabs.main_tab: Processing arguments gathered: {'in_dir': PosixPath('/Users/justin/Downloads/abi_rgb_all 18'), 'out_file': PosixPath('/Users/justin/Downloads/abi_rgb_all 18_output_20250504_191848.mp4'), 'fps': 30, 'multiplier': 4, 'max_workers': 5, 'encoder': 'RIFE', 'rife_model_key': 'rife-v4.6', 'rife_model_path': PosixPath('/Users/justin/Documents/Github/GOES_VFI/goesvfi/models/rife-v4.6'), 'rife_exe_path': PosixPath('/Users/justin/Documents/Github/GOES_VFI/goesvfi/bin/rife-cli'), 'rife_tta_spatial': False, 'rife_tta_temporal': False, 'rife_uhd': False, 'rife_tiling_enabled': True, 'rife_tile_size': 384, 'rife_thread_spec': '0:0:0:0', 'sanchez_enabled': False, 'sanchez_resolution_km': 4.0, 'crop_rect': (1729, 330, 383, 462), 'ffmpeg_args': None}[0m
[36m[D] goesvfi.gui_tabs.main_tab: Start button check: has_paths=True, in_dir=/Users/justin/Downloads/abi_rgb_all 18, out_file=/Users/justin/Downloads/abi_rgb_all 18_output_20250504_191848.mp4[0m
[36m[D] goesvfi.gui_tabs.main_tab: Start button check: RIFE selected, model_ok=True[0m
[36m[D] goesvfi.gui_tabs.main_tab: Start button should be enabled: False[0m
[37m[I] goesvfi.view_models.processing_view_model: Start processing requested (Placeholder)[0m
[37m[I] goesvfi.gui_tabs.main_tab: Processing started - UI updated to processing state[0m
[37m[I] goesvfi.gui_tabs.main_tab: Starting processing via direct handler[0m
[37m[I] __main__: MainWindow: _handle_processing called - Starting video interpolation processing[0m
[36m[D] __main__: Processing arguments: {'in_dir': PosixPath('/Users/justin/Downloads/abi_rgb_all 18'), 'out_file': PosixPath('/Users/justin/Downloads/abi_rgb_all 18_output_20250504_191848.mp4'), 'fps': 30, 'multiplier': 4, 'max_workers': 5, 'encoder': 'RIFE', 'rife_model_key': 'rife-v4.6', 'rife_model_path': PosixPath('/Users/justin/Documents/Github/GOES_VFI/goesvfi/models/rife-v4.6'), 'rife_exe_path': PosixPath('/Users/justin/Documents/Github/GOES_VFI/goesvfi/bin/rife-cli'), 'rife_tta_spatial': False, 'rife_tta_temporal': False, 'rife_uhd': False, 'rife_tiling_enabled': True, 'rife_tile_size': 384, 'rife_thread_spec': '0:0:0:0', 'sanchez_enabled': False, 'sanchez_resolution_km': 4.0, 'crop_rect': (1729, 330, 383, 462), 'ffmpeg_args': None}[0m
[36m[D] goesvfi.pipeline.run_vfi: Entering VfiWorker.__init__... in_dir=/Users/justin/Downloads/abi_rgb_all 18, out_file_path=/Users/justin/Downloads/abi_rgb_all 18_output_20250504_191848.mp4, debug_mode=True[0m
[37m[I] __main__: VfiWorker thread started[0m
[37m[I] goesvfi.view_models.processing_view_model: Start processing requested (Placeholder)[0m
[33m[W] __main__: Processing already in progress, ignoring duplicate request[0m
[36m[D] goesvfi.pipeline.run_vfi: Entering VfiWorker.run...[0m
[36m[D] goesvfi.pipeline.run_vfi: Found RIFE executable at: /Users/justin/Documents/Github/GOES_VFI/goesvfi/bin/rife-cli[0m
[36m[D] goesvfi.pipeline.run_vfi: Calling run_vfi...[0m
[37m[I] goesvfi.pipeline.run_vfi: run_vfi called with: encoder_type=RIFE, false_colour=False (original setting: False), res_km=4km, crop_rect=(1729, 330, 383, 462), skip_model=False[0m
[33m[W] goesvfi.pipeline.run_vfi: Requested 3 intermediate frames, but only 1 is currently supported. Setting to 1.[0m
[37m[I] goesvfi.pipeline.run_vfi: Found 18 images. Skip AI model: False[0m
[37m[I] goesvfi.pipeline.run_vfi: Applying crop rectangle (x,y,w,h): (1729, 330, 383, 462) -> PIL format: (1729, 330, 2112, 792)[0m
[37m[I] goesvfi.pipeline.run_vfi: Using Sanchez temp dir: /var/folders/h2/d10fqbgx4sg3xt10y73ynf_m0000gn/T/goesvfi_sanchez_nv0ivjmz[0m
[37m[I] goesvfi.pipeline.run_vfi: Using processed image temp dir: /var/folders/h2/d10fqbgx4sg3xt10y73ynf_m0000gn/T/goesvfi_processed_8lq0yqwv[0m
[37m[I] goesvfi.pipeline.run_vfi: Image processors instantiated.[0m
[37m[I] goesvfi.pipeline.run_vfi: Processing first image sequentially: abi_rgb_Clean_Longwave_IR_Window_Band_map_20241005T195020Z.png[0m
[36m[D] PIL.PngImagePlugin: STREAM b'IHDR' 16 13[0m
[36m[D] PIL.PngImagePlugin: STREAM b'IDAT' 41 8192[0m
[36m[D] goesvfi.pipeline.run_vfi: Applying crop (1729, 330, 2112, 792) to image from abi_rgb_Clean_Longwave_IR_Window_Band_map_20241005T195020Z.png (post-Sanchez if applied).[0m
[36m[D] goesvfi.pipeline.run_vfi: Saving processed image to /var/folders/h2/d10fqbgx4sg3xt10y73ynf_m0000gn/T/goesvfi_processed_8lq0yqwv/processed_abi_rgb_Clean_Longwave_IR_Window_Band_map_20241005T195020Z_216513095156625.png[0m
[36m[D] PIL.PngImagePlugin: STREAM b'IHDR' 16 13[0m
[36m[D] PIL.PngImagePlugin: STREAM b'IDAT' 41 65536[0m
[37m[I] goesvfi.pipeline.run_vfi: Target frame dimensions set by first processed image: 383x462[0m
[37m[I] goesvfi.pipeline.run_vfi: Processing remaining 17 images in parallel (max_workers=5)...[0m
FailsafeButton created with text: START PROCESSING
FailsafeButton handler set: _direct_start_handler

===== ENHANCED START BUTTONS CREATED AND CONNECTED =====
DEBUG OVERRIDE: Keeping failsafe button enabled for testing
Start button enabled: False
Failsafe button enabled: True
DEBUG OVERRIDE: Keeping failsafe button enabled for testing
Start button enabled: False
Failsafe button enabled: True
DEBUG OVERRIDE: Keeping failsafe button enabled for testing
Start button enabled: False
Failsafe button enabled: True
DEBUG OVERRIDE: Keeping failsafe button enabled for testing
Start button enabled: True
Failsafe button enabled: True

===== DIRECT START HANDLER CALLED =====
DEBUG OVERRIDE: Keeping failsafe button enabled for testing
Start button enabled: True
Failsafe button enabled: True
Fresh timestamped output path: /Users/justin/Downloads/abi_rgb_all 18_output_20250504_191848.mp4
Found 18 image files in /Users/justin/Downloads/abi_rgb_all 18
DEBUG OVERRIDE: Keeping failsafe button enabled for testing
Start button enabled: False
Failsafe button enabled: True

====== PROCESSING STARTED ======

===== STARTING PROCESSING =====

========== MAIN WINDOW HANDLER CALLED ==========
MainWindow._handle_processing received the signal
Received args dictionary with 19 keys
Args keys: ['in_dir', 'out_file', 'fps', 'multiplier', 'max_workers', 'encoder', 'rife_model_key', 'rife_model_path', 'rife_exe_path', 'rife_tta_spatial', 'rife_tta_temporal', 'rife_uhd', 'rife_tiling_enabled', 'rife_tile_size', 'rife_thread_spec', 'sanchez_enabled', 'sanchez_resolution_km', 'crop_rect', 'ffmpeg_args']
In directory: /Users/justin/Downloads/abi_rgb_all 18
Out file: /Users/justin/Downloads/abi_rgb_all 18_output_20250504_191848.mp4
Updating UI state: setting is_processing = True
Calling main_window._handle_processing directly as fallback
Processing started successfully
Worker failed processing abi_rgb_Clean_Longwave_IR_Window_Band_map_20241006T005020Z.png
Traceback (most recent call last):
  File "/Users/justin/Documents/Github/GOES_VFI/goesvfi/pipeline/run_vfi.py", line 596, in _process_single_image_worker
    image_saver.save(image_data, str(processed_output_path))
    ~~~~~~~~~~~~~~~~^^^^^^^^^^^^^^^^^^^^^^^^^^^^^^^^^^^^^^^^
  File "/Users/justin/Documents/Github/GOES_VFI/goesvfi/pipeline/image_loader.py", line 99, in save
    raise NotImplementedError("ImageLoader does not implement the save method.")
NotImplementedError: ImageLoader does not implement the save method.
Worker failed processing abi_rgb_Clean_Longwave_IR_Window_Band_map_20241005T235020Z.png
Traceback (most recent call last):
  File "/Users/justin/Documents/Github/GOES_VFI/goesvfi/pipeline/run_vfi.py", line 596, in _process_single_image_worker
    image_saver.save(image_data, str(processed_output_path))
    ~~~~~~~~~~~~~~~~^^^^^^^^^^^^^^^^^^^^^^^^^^^^^^^^^^^^^^^^
  File "/Users/justin/Documents/Github/GOES_VFI/goesvfi/pipeline/image_loader.py", line 99, in save
    raise NotImplementedError("ImageLoader does not implement the save method.")
NotImplementedError: ImageLoader does not implement the save method.
Worker failed processing abi_rgb_Clean_Longwave_IR_Window_Band_map_20241005T215020Z.png
Traceback (most recent call last):
  File "/Users/justin/Documents/Github/GOES_VFI/goesvfi/pipeline/run_vfi.py", line 596, in _process_single_image_worker
    image_saver.save(image_data, str(processed_output_path))
    ~~~~~~~~~~~~~~~~^^^^^^^^^^^^^^^^^^^^^^^^^^^^^^^^^^^^^^^^
  File "/Users/justin/Documents/Github/GOES_VFI/goesvfi/pipeline/image_loader.py", line 99, in save
    raise NotImplementedError("ImageLoader does not implement the save method.")
NotImplementedError: ImageLoader does not implement the save method.
Worker failed processing abi_rgb_Clean_Longwave_IR_Window_Band_map_20241005T225020Z.png
Traceback (most recent call last):
  File "/Users/justin/Documents/Github/GOES_VFI/goesvfi/pipeline/run_vfi.py", line 596, in _process_single_image_worker
    image_saver.save(image_data, str(processed_output_path))
    ~~~~~~~~~~~~~~~~^^^^^^^^^^^^^^^^^^^^^^^^^^^^^^^^^^^^^^^^
  File "/Users/justin/Documents/Github/GOES_VFI/goesvfi/pipeline/image_loader.py", line 99, in save
    raise NotImplementedError("ImageLoader does not implement the save method.")
NotImplementedError: ImageLoader does not implement the save method.
Worker failed processing abi_rgb_Clean_Longwave_IR_Window_Band_map_20241005T205020Z.png
Traceback (most recent call last):
  File "/Users/justin/Documents/Github/GOES_VFI/goesvfi/pipeline/run_vfi.py", line 596, in _process_single_image_worker
    image_saver.save(image_data, str(processed_output_path))
    ~~~~~~~~~~~~~~~~^^^^^^^^^^^^^^^^^^^^^^^^^^^^^^^^^^^^^^^^
  File "/Users/justin/Documents/Github/GOES_VFI/goesvfi/pipeline/image_loader.py", line 99, in save
    raise NotImplementedError("ImageLoader does not implement the save method.")
NotImplementedError: ImageLoader does not implement the save method.
[31m[E] goesvfi.pipeline.run_vfi: Parallel processing failed during map execution.[0m
concurrent.futures.process._RemoteTraceback: 
"""
Traceback (most recent call last):
  File "/opt/homebrew/Cellar/python@3.13/3.13.3/Frameworks/Python.framework/Versions/3.13/lib/python3.13/concurrent/futures/process.py", line 254, in _process_worker
    r = call_item.fn(*call_item.args, **call_item.kwargs)
  File "/opt/homebrew/Cellar/python@3.13/3.13.3/Frameworks/Python.framework/Versions/3.13/lib/python3.13/concurrent/futures/process.py", line 203, in _process_chunk
    return [fn(*args) for args in chunk]
            ~~^^^^^^^
  File "/Users/justin/Documents/Github/GOES_VFI/goesvfi/pipeline/run_vfi.py", line 625, in _process_single_image_worker_wrapper
    return _process_single_image_worker(*args)
  File "/Users/justin/Documents/Github/GOES_VFI/goesvfi/pipeline/run_vfi.py", line 596, in _process_single_image_worker
    image_saver.save(image_data, str(processed_output_path))
    ~~~~~~~~~~~~~~~~^^^^^^^^^^^^^^^^^^^^^^^^^^^^^^^^^^^^^^^^
  File "/Users/justin/Documents/Github/GOES_VFI/goesvfi/pipeline/image_loader.py", line 99, in save
    raise NotImplementedError("ImageLoader does not implement the save method.")
NotImplementedError: ImageLoader does not implement the save method.
"""

The above exception was the direct cause of the following exception:

Traceback (most recent call last):
  File "/Users/justin/Documents/Github/GOES_VFI/goesvfi/pipeline/run_vfi.py", line 821, in run_vfi
    processed_paths_rest = list(results_iterator)
  File "/opt/homebrew/Cellar/python@3.13/3.13.3/Frameworks/Python.framework/Versions/3.13/lib/python3.13/concurrent/futures/process.py", line 617, in _chain_from_iterable_of_lists
    for element in iterable:
                   ^^^^^^^^
  File "/opt/homebrew/Cellar/python@3.13/3.13.3/Frameworks/Python.framework/Versions/3.13/lib/python3.13/concurrent/futures/_base.py", line 619, in result_iterator
    yield _result_or_cancel(fs.pop())
          ~~~~~~~~~~~~~~~~~^^^^^^^^^^
  File "/opt/homebrew/Cellar/python@3.13/3.13.3/Frameworks/Python.framework/Versions/3.13/lib/python3.13/concurrent/futures/_base.py", line 317, in _result_or_cancel
    return fut.result(timeout)
           ~~~~~~~~~~^^^^^^^^^
  File "/opt/homebrew/Cellar/python@3.13/3.13.3/Frameworks/Python.framework/Versions/3.13/lib/python3.13/concurrent/futures/_base.py", line 456, in result
    return self.__get_result()
           ~~~~~~~~~~~~~~~~~^^
  File "/opt/homebrew/Cellar/python@3.13/3.13.3/Frameworks/Python.framework/Versions/3.13/lib/python3.13/concurrent/futures/_base.py", line 401, in __get_result
    raise self._exception
NotImplementedError: ImageLoader does not implement the save method.
Worker failed processing abi_rgb_Clean_Longwave_IR_Window_Band_map_20241006T015020Z.png
Traceback (most recent call last):
  File "/Users/justin/Documents/Github/GOES_VFI/goesvfi/pipeline/run_vfi.py", line 596, in _process_single_image_worker
    image_saver.save(image_data, str(processed_output_path))
    ~~~~~~~~~~~~~~~~^^^^^^^^^^^^^^^^^^^^^^^^^^^^^^^^^^^^^^^^
  File "/Users/justin/Documents/Github/GOES_VFI/goesvfi/pipeline/image_loader.py", line 99, in save
    raise NotImplementedError("ImageLoader does not implement the save method.")
NotImplementedError: ImageLoader does not implement the save method.
Worker failed processing abi_rgb_Clean_Longwave_IR_Window_Band_map_20241006T035020Z.png
Traceback (most recent call last):
  File "/Users/justin/Documents/Github/GOES_VFI/goesvfi/pipeline/run_vfi.py", line 596, in _process_single_image_worker
    image_saver.save(image_data, str(processed_output_path))
    ~~~~~~~~~~~~~~~~^^^^^^^^^^^^^^^^^^^^^^^^^^^^^^^^^^^^^^^^
  File "/Users/justin/Documents/Github/GOES_VFI/goesvfi/pipeline/image_loader.py", line 99, in save
    raise NotImplementedError("ImageLoader does not implement the save method.")
NotImplementedError: ImageLoader does not implement the save method.
Worker failed processing abi_rgb_Clean_Longwave_IR_Window_Band_map_20241006T025020Z.png
Traceback (most recent call last):
  File "/Users/justin/Documents/Github/GOES_VFI/goesvfi/pipeline/run_vfi.py", line 596, in _process_single_image_worker
    image_saver.save(image_data, str(processed_output_path))
    ~~~~~~~~~~~~~~~~^^^^^^^^^^^^^^^^^^^^^^^^^^^^^^^^^^^^^^^^
  File "/Users/justin/Documents/Github/GOES_VFI/goesvfi/pipeline/image_loader.py", line 99, in save
    raise NotImplementedError("ImageLoader does not implement the save method.")
NotImplementedError: ImageLoader does not implement the save method.
Worker failed processing abi_rgb_Clean_Longwave_IR_Window_Band_map_20241006T045020Z.png
Traceback (most recent call last):
  File "/Users/justin/Documents/Github/GOES_VFI/goesvfi/pipeline/run_vfi.py", line 596, in _process_single_image_worker
    image_saver.save(image_data, str(processed_output_path))
    ~~~~~~~~~~~~~~~~^^^^^^^^^^^^^^^^^^^^^^^^^^^^^^^^^^^^^^^^
  File "/Users/justin/Documents/Github/GOES_VFI/goesvfi/pipeline/image_loader.py", line 99, in save
    raise NotImplementedError("ImageLoader does not implement the save method.")
NotImplementedError: ImageLoader does not implement the save method.
Worker failed processing abi_rgb_Clean_Longwave_IR_Window_Band_map_20241006T055020Z.png
Traceback (most recent call last):
  File "/Users/justin/Documents/Github/GOES_VFI/goesvfi/pipeline/run_vfi.py", line 596, in _process_single_image_worker
    image_saver.save(image_data, str(processed_output_path))
    ~~~~~~~~~~~~~~~~^^^^^^^^^^^^^^^^^^^^^^^^^^^^^^^^^^^^^^^^
  File "/Users/justin/Documents/Github/GOES_VFI/goesvfi/pipeline/image_loader.py", line 99, in save
    raise NotImplementedError("ImageLoader does not implement the save method.")
NotImplementedError: ImageLoader does not implement the save method.
Worker failed processing abi_rgb_Clean_Longwave_IR_Window_Band_map_20241006T085020Z.png
Traceback (most recent call last):
  File "/Users/justin/Documents/Github/GOES_VFI/goesvfi/pipeline/run_vfi.py", line 596, in _process_single_image_worker
    image_saver.save(image_data, str(processed_output_path))
    ~~~~~~~~~~~~~~~~^^^^^^^^^^^^^^^^^^^^^^^^^^^^^^^^^^^^^^^^
  File "/Users/justin/Documents/Github/GOES_VFI/goesvfi/pipeline/image_loader.py", line 99, in save
    raise NotImplementedError("ImageLoader does not implement the save method.")
NotImplementedError: ImageLoader does not implement the save method.
Worker failed processing abi_rgb_Clean_Longwave_IR_Window_Band_map_20241006T075020Z.png
Traceback (most recent call last):
  File "/Users/justin/Documents/Github/GOES_VFI/goesvfi/pipeline/run_vfi.py", line 596, in _process_single_image_worker
    image_saver.save(image_data, str(processed_output_path))
    ~~~~~~~~~~~~~~~~^^^^^^^^^^^^^^^^^^^^^^^^^^^^^^^^^^^^^^^^
  File "/Users/justin/Documents/Github/GOES_VFI/goesvfi/pipeline/image_loader.py", line 99, in save
    raise NotImplementedError("ImageLoader does not implement the save method.")
NotImplementedError: ImageLoader does not implement the save method.
Worker failed processing abi_rgb_Clean_Longwave_IR_Window_Band_map_20241006T065020Z.png
Traceback (most recent call last):
  File "/Users/justin/Documents/Github/GOES_VFI/goesvfi/pipeline/run_vfi.py", line 596, in _process_single_image_worker
    image_saver.save(image_data, str(processed_output_path))
    ~~~~~~~~~~~~~~~~^^^^^^^^^^^^^^^^^^^^^^^^^^^^^^^^^^^^^^^^
  File "/Users/justin/Documents/Github/GOES_VFI/goesvfi/pipeline/image_loader.py", line 99, in save
    raise NotImplementedError("ImageLoader does not implement the save method.")
NotImplementedError: ImageLoader does not implement the save method.
Worker failed processing abi_rgb_Clean_Longwave_IR_Window_Band_map_20241006T095020Z.png
Traceback (most recent call last):
  File "/Users/justin/Documents/Github/GOES_VFI/goesvfi/pipeline/run_vfi.py", line 596, in _process_single_image_worker
    image_saver.save(image_data, str(processed_output_path))
    ~~~~~~~~~~~~~~~~^^^^^^^^^^^^^^^^^^^^^^^^^^^^^^^^^^^^^^^^
  File "/Users/justin/Documents/Github/GOES_VFI/goesvfi/pipeline/image_loader.py", line 99, in save
    raise NotImplementedError("ImageLoader does not implement the save method.")
NotImplementedError: ImageLoader does not implement the save method.
Worker failed processing abi_rgb_Clean_Longwave_IR_Window_Band_map_20241006T105020Z.png
Traceback (most recent call last):
  File "/Users/justin/Documents/Github/GOES_VFI/goesvfi/pipeline/run_vfi.py", line 596, in _process_single_image_worker
    image_saver.save(image_data, str(processed_output_path))
    ~~~~~~~~~~~~~~~~^^^^^^^^^^^^^^^^^^^^^^^^^^^^^^^^^^^^^^^^
  File "/Users/justin/Documents/Github/GOES_VFI/goesvfi/pipeline/image_loader.py", line 99, in save
    raise NotImplementedError("ImageLoader does not implement the save method.")
NotImplementedError: ImageLoader does not implement the save method.
Worker failed processing abi_rgb_Clean_Longwave_IR_Window_Band_map_20241006T115020Z.png
Traceback (most recent call last):
  File "/Users/justin/Documents/Github/GOES_VFI/goesvfi/pipeline/run_vfi.py", line 596, in _process_single_image_worker
    image_saver.save(image_data, str(processed_output_path))
    ~~~~~~~~~~~~~~~~^^^^^^^^^^^^^^^^^^^^^^^^^^^^^^^^^^^^^^^^
  File "/Users/justin/Documents/Github/GOES_VFI/goesvfi/pipeline/image_loader.py", line 99, in save
    raise NotImplementedError("ImageLoader does not implement the save method.")
NotImplementedError: ImageLoader does not implement the save method.
[31m[E] goesvfi.pipeline.run_vfi: Error during VFI processing:[0m
concurrent.futures.process._RemoteTraceback: 
"""
Traceback (most recent call last):
  File "/opt/homebrew/Cellar/python@3.13/3.13.3/Frameworks/Python.framework/Versions/3.13/lib/python3.13/concurrent/futures/process.py", line 254, in _process_worker
    r = call_item.fn(*call_item.args, **call_item.kwargs)
  File "/opt/homebrew/Cellar/python@3.13/3.13.3/Frameworks/Python.framework/Versions/3.13/lib/python3.13/concurrent/futures/process.py", line 203, in _process_chunk
    return [fn(*args) for args in chunk]
            ~~^^^^^^^
  File "/Users/justin/Documents/Github/GOES_VFI/goesvfi/pipeline/run_vfi.py", line 625, in _process_single_image_worker_wrapper
    return _process_single_image_worker(*args)
  File "/Users/justin/Documents/Github/GOES_VFI/goesvfi/pipeline/run_vfi.py", line 596, in _process_single_image_worker
    image_saver.save(image_data, str(processed_output_path))
    ~~~~~~~~~~~~~~~~^^^^^^^^^^^^^^^^^^^^^^^^^^^^^^^^^^^^^^^^
  File "/Users/justin/Documents/Github/GOES_VFI/goesvfi/pipeline/image_loader.py", line 99, in save
    raise NotImplementedError("ImageLoader does not implement the save method.")
NotImplementedError: ImageLoader does not implement the save method.
"""

The above exception was the direct cause of the following exception:

Traceback (most recent call last):
  File "/Users/justin/Documents/Github/GOES_VFI/goesvfi/pipeline/run_vfi.py", line 821, in run_vfi
    processed_paths_rest = list(results_iterator)
  File "/opt/homebrew/Cellar/python@3.13/3.13.3/Frameworks/Python.framework/Versions/3.13/lib/python3.13/concurrent/futures/process.py", line 617, in _chain_from_iterable_of_lists
    for element in iterable:
                   ^^^^^^^^
  File "/opt/homebrew/Cellar/python@3.13/3.13.3/Frameworks/Python.framework/Versions/3.13/lib/python3.13/concurrent/futures/_base.py", line 619, in result_iterator
    yield _result_or_cancel(fs.pop())
          ~~~~~~~~~~~~~~~~~^^^^^^^^^^
  File "/opt/homebrew/Cellar/python@3.13/3.13.3/Frameworks/Python.framework/Versions/3.13/lib/python3.13/concurrent/futures/_base.py", line 317, in _result_or_cancel
    return fut.result(timeout)
           ~~~~~~~~~~^^^^^^^^^
  File "/opt/homebrew/Cellar/python@3.13/3.13.3/Frameworks/Python.framework/Versions/3.13/lib/python3.13/concurrent/futures/_base.py", line 456, in result
    return self.__get_result()
           ~~~~~~~~~~~~~~~~~^^
  File "/opt/homebrew/Cellar/python@3.13/3.13.3/Frameworks/Python.framework/Versions/3.13/lib/python3.13/concurrent/futures/_base.py", line 401, in __get_result
    raise self._exception
NotImplementedError: ImageLoader does not implement the save method.

The above exception was the direct cause of the following exception:

Traceback (most recent call last):
  File "/Users/justin/Documents/Github/GOES_VFI/goesvfi/pipeline/run_vfi.py", line 279, in run
    for progress_data in gen:
                         ^^^
  File "/Users/justin/Documents/Github/GOES_VFI/goesvfi/pipeline/run_vfi.py", line 825, in run_vfi
    raise RuntimeError(f"Parallel processing failed: {e}") from e
RuntimeError: Parallel processing failed: ImageLoader does not implement the save method.
[31m[E] __main__: Processing error: Video processing failed: Parallel processing failed: ImageLoader does not implement the save method.[0m
[31m[E] __main__: Error updating view model: ProcessingViewModel.cancel_processing() got an unexpected keyword argument 'message'[0m
Traceback (most recent call last):
  File "/Users/justin/Documents/Github/GOES_VFI/goesvfi/gui.py", line 1505, in _on_processing_error
    self.main_view_model.processing_vm.cancel_processing(message=error_message)
    ~~~~~~~~~~~~~~~~~~~~~~~~~~~~~~~~~~~~~~~~~~~~~~~~~~~~^^^^^^^^^^^^^^^^^^^^^^^
TypeError: ProcessingViewModel.cancel_processing() got an unexpected keyword argument 'message'
[36m[D] goesvfi.gui_tabs.main_tab: Start button check: has_paths=True, in_dir=/Users/justin/Downloads/abi_rgb_all 18, out_file=/Users/justin/Downloads/abi_rgb_all 18_output_20250504_191848.mp4[0m
[36m[D] goesvfi.gui_tabs.main_tab: Start button check: RIFE selected, model_ok=True[0m
[36m[D] goesvfi.gui_tabs.main_tab: Start button should be enabled: True[0m
[37m[I] goesvfi.view_models.processing_view_model: Cancel processing requested (Placeholder)[0m
[37m[I] goesvfi.gui_tabs.main_tab: Processing stopped - UI updated to ready state[0m
[36m[D] goesvfi.gui_tabs.main_tab: Start button check: has_paths=True, in_dir=/Users/justin/Downloads/abi_rgb_all 18, out_file=/Users/justin/Downloads/abi_rgb_all 18_output_20250504_191848.mp4[0m
[36m[D] goesvfi.gui_tabs.main_tab: Start button check: RIFE selected, model_ok=True[0m
[36m[D] goesvfi.gui_tabs.main_tab: Start button should be enabled: True[0m
[36m[D] __main__: Entering closeEvent...[0m
[37m[I] __main__: Saving application settings...[0m
[36m[D] goesvfi.gui_tabs.main_tab: MainTab: Saving settings...[0m
[36m[D] goesvfi.gui_tabs.main_tab: Saving path settings...[0m
[36m[D] goesvfi.gui_tabs.main_tab: Removing input directory setting (None/empty)[0m
[36m[D] goesvfi.gui_tabs.main_tab: Saving output file path: '/Users/justin/Downloads/abi_rgb_all 18_output_20250504_191848.mp4'[0m
[36m[D] goesvfi.gui_tabs.main_tab: Saving processing settings...[0m
[36m[D] goesvfi.gui_tabs.main_tab: Saving FPS: 30[0m
[36m[D] goesvfi.gui_tabs.main_tab: Saving multiplier: 4[0m
[36m[D] goesvfi.gui_tabs.main_tab: Saving max workers: 5[0m
[36m[D] goesvfi.gui_tabs.main_tab: Saving encoder: 'RIFE'[0m
[36m[D] goesvfi.gui_tabs.main_tab: Saving RIFE options...[0m
[36m[D] goesvfi.gui_tabs.main_tab: Saving RIFE model key: 'rife-v4.6'[0m
[36m[D] goesvfi.gui_tabs.main_tab: Saving tiling enabled: True[0m
[36m[D] goesvfi.gui_tabs.main_tab: Saving tile size: 384[0m
[36m[D] goesvfi.gui_tabs.main_tab: Saving UHD mode: False[0m
[36m[D] goesvfi.gui_tabs.main_tab: Saving thread spec: '0:0:0:0'[0m
[36m[D] goesvfi.gui_tabs.main_tab: Saving TTA spatial: False[0m
[36m[D] goesvfi.gui_tabs.main_tab: Saving TTA temporal: False[0m
[36m[D] goesvfi.gui_tabs.main_tab: Saving Sanchez options...[0m
[36m[D] goesvfi.gui_tabs.main_tab: Saving false color enabled: False[0m
[36m[D] goesvfi.gui_tabs.main_tab: Saving resolution km: '4'[0m
[36m[D] goesvfi.gui_tabs.main_tab: Saving crop rectangle...[0m
[36m[D] goesvfi.gui_tabs.main_tab: Removing crop rectangle setting (None/empty)[0m
[37m[I] goesvfi.gui_tabs.main_tab: MainTab: Settings saved successfully.[0m
[36m[D] __main__: Main tab settings saved[0m
[37m[I] __main__: All settings saved[0m
[37m[I] __main__: Cleaned up GUI Sanchez temp directory: /var/folders/h2/d10fqbgx4sg3xt10y73ynf_m0000gn/T/goes_vfi_sanchez_gui_24529[0m
DEBUG OVERRIDE: Keeping failsafe button enabled for testing
Start button enabled: True
Failsafe button enabled: True

====== PROCESSING STOPPED ======
DEBUG OVERRIDE: Keeping failsafe button enabled for testing
Start button enabled: True
Failsafe button enabled: True
